2025-01-18 12:30:49 Loading main app package /usr/lib/obsidian/obsidian.asar
2025-01-18 12:30:49 Checking for update using Github
2025-01-18 12:30:49 Success.
2025-01-18 12:30:49 Latest version is 1.7.7
2025-01-18 12:30:49 App is up to date.
2025-01-18 13:25:26 Loading main app package /usr/lib/obsidian/obsidian.asar
2025-01-18 13:25:26 Checking for update using Github
2025-01-18 13:25:27 Success.
2025-01-18 13:25:27 Latest version is 1.7.7
2025-01-18 13:25:27 App is up to date.
2025-01-18 13:28:59 Loading main app package /usr/lib/obsidian/obsidian.asar
2025-01-18 13:29:00 Checking for update using Github
2025-01-18 13:29:00 Success.
2025-01-18 13:29:00 Latest version is 1.7.7
2025-01-18 13:29:00 App is up to date.
2025-01-19 01:54:16 Loading main app package /usr/lib/obsidian/obsidian.asar
2025-01-19 01:54:17 Checking for update using Github
2025-01-19 01:54:17 Success.
2025-01-19 01:54:17 Latest version is 1.7.7
2025-01-19 01:54:17 App is up to date.
2025-01-19 14:53:39 Loading main app package /usr/lib/obsidian/obsidian.asar
2025-01-19 14:53:39 Checking for update using Github
2025-01-19 14:53:40 Success.
2025-01-19 14:53:40 Latest version is 1.7.7
2025-01-19 14:53:40 App is up to date.
2025-01-19 15:53:39 Checking for update using Github
2025-01-19 15:53:40 Success.
2025-01-19 15:53:40 Latest version is 1.7.7
2025-01-19 15:53:40 App is up to date.
2025-01-19 20:09:36 Loading main app package /usr/lib/obsidian/obsidian.asar
2025-01-19 20:09:36 Checking for update using Github
2025-01-19 20:09:36 Success.
2025-01-19 20:09:36 Latest version is 1.7.7
2025-01-19 20:09:36 App is up to date.
2025-01-19 21:09:36 Checking for update using Github
2025-01-19 21:09:36 Success.
2025-01-19 21:09:36 Latest version is 1.7.7
2025-01-19 21:09:36 App is up to date.
2025-01-19 22:09:36 Checking for update using Github
2025-01-19 22:09:36 Success.
2025-01-19 22:09:36 Latest version is 1.7.7
2025-01-19 22:09:36 App is up to date.
2025-01-19 23:09:36 Checking for update using Github
2025-01-19 23:09:37 Success.
2025-01-19 23:09:37 Latest version is 1.7.7
2025-01-19 23:09:37 App is up to date.
2025-01-20 10:12:41 Loading main app package /usr/lib/obsidian/obsidian.asar
2025-01-20 10:12:41 Checking for update using Github
2025-01-20 10:12:44 Success.
2025-01-20 10:12:44 Latest version is 1.7.7
2025-01-20 10:12:44 App is up to date.
2025-01-20 11:12:41 Checking for update using Github
2025-01-20 11:12:42 Success.
2025-01-20 11:12:42 Latest version is 1.7.7
2025-01-20 11:12:42 App is up to date.
2025-01-20 12:12:41 Checking for update using Github
2025-01-20 12:12:42 Success.
2025-01-20 12:12:42 Latest version is 1.7.7
2025-01-20 12:12:42 App is up to date.
2025-01-20 13:07:08 Loading main app package /usr/lib/obsidian/obsidian.asar
2025-01-20 13:07:09 Checking for update using Github
2025-01-20 13:07:44 Loading main app package /usr/lib/obsidian/obsidian.asar
2025-01-20 13:07:44 Checking for update using Github
2025-01-20 13:09:39 Loading main app package /usr/lib/obsidian/obsidian.asar
2025-01-20 13:09:40 Checking for update using Github
2025-01-20 13:09:44 Success.
2025-01-20 13:09:44 Latest version is 1.7.7
2025-01-20 13:09:44 App is up to date.
2025-01-20 14:09:38 Checking for update using Github
2025-01-20 14:09:38 Success.
2025-01-20 14:09:38 Latest version is 1.7.7
2025-01-20 14:09:38 App is up to date.
2025-01-20 15:09:38 Checking for update using Github
2025-01-20 15:09:38 Success.
2025-01-20 15:09:38 Latest version is 1.7.7
2025-01-20 15:09:38 App is up to date.
2025-01-20 16:09:38 Checking for update using Github
2025-01-20 16:09:38 Success.
2025-01-20 16:09:38 Latest version is 1.7.7
2025-01-20 16:09:38 App is up to date.
2025-01-20 17:09:38 Checking for update using Github
2025-01-20 17:09:38 Success.
2025-01-20 17:09:38 Latest version is 1.7.7
2025-01-20 17:09:38 App is up to date.
2025-01-20 23:14:57 Loading main app package /usr/lib/obsidian/obsidian.asar
2025-01-20 23:14:57 Checking for update using Github
2025-01-20 23:14:58 Success.
2025-01-20 23:14:58 Latest version is 1.7.7
2025-01-20 23:14:58 App is up to date.
2025-01-21 01:10:59 Loading main app package /usr/lib/obsidian/obsidian.asar
2025-01-21 01:11:00 Checking for update using Github
2025-01-21 01:11:00 Success.
2025-01-21 01:11:00 Latest version is 1.7.7
2025-01-21 01:11:00 App is up to date.
2025-01-21 10:35:35 Loading main app package /usr/lib/obsidian/obsidian.asar
2025-01-21 10:35:36 Checking for update using Github
2025-01-21 10:35:36 Success.
2025-01-21 10:35:36 Latest version is 1.7.7
2025-01-21 10:35:36 App is up to date.
2025-01-21 11:35:36 Checking for update using Github
2025-01-21 11:35:37 Success.
2025-01-21 11:35:37 Latest version is 1.7.7
2025-01-21 11:35:37 App is up to date.
2025-01-21 12:35:36 Checking for update using Github
2025-01-21 12:35:37 Success.
2025-01-21 12:35:37 Latest version is 1.7.7
2025-01-21 12:35:37 App is up to date.
2025-01-21 13:35:36 Checking for update using Github
2025-01-21 13:35:36 Success.
2025-01-21 13:35:36 Latest version is 1.7.7
2025-01-21 13:35:36 App is up to date.
2025-01-21 14:35:37 Checking for update using Github
2025-01-21 14:35:37 Success.
2025-01-21 14:35:37 Latest version is 1.7.7
2025-01-21 14:35:37 App is up to date.
2025-01-21 15:35:37 Checking for update using Github
2025-01-21 15:35:37 Success.
2025-01-21 15:35:37 Latest version is 1.7.7
2025-01-21 15:35:37 App is up to date.
2025-01-21 16:35:37 Checking for update using Github
2025-01-21 16:35:37 Success.
2025-01-21 16:35:37 Latest version is 1.7.7
2025-01-21 16:35:37 App is up to date.
2025-01-21 18:36:15 Loading main app package /usr/lib/obsidian/obsidian.asar
2025-01-21 18:36:15 Checking for update using Github
2025-01-21 18:36:16 Success.
2025-01-21 18:36:16 Latest version is 1.7.7
2025-01-21 18:36:16 App is up to date.
2025-01-21 19:36:15 Checking for update using Github
2025-01-21 19:36:15 Success.
2025-01-21 19:36:15 Latest version is 1.7.7
2025-01-21 19:36:15 App is up to date.
2025-01-21 20:36:15 Checking for update using Github
2025-01-21 20:36:15 Success.
2025-01-21 20:36:15 Latest version is 1.7.7
2025-01-21 20:36:15 App is up to date.
2025-01-21 21:36:15 Checking for update using Github
2025-01-21 21:36:15 Success.
2025-01-21 21:36:15 Latest version is 1.7.7
2025-01-21 21:36:15 App is up to date.
2025-01-22 11:10:35 Loading main app package /usr/lib/obsidian/obsidian.asar
2025-01-22 11:10:35 Checking for update using Github
2025-01-22 11:10:36 Success.
2025-01-22 11:10:36 Latest version is 1.7.7
2025-01-22 11:10:36 App is up to date.
2025-01-22 12:10:35 Checking for update using Github
2025-01-22 12:10:35 Success.
2025-01-22 12:10:35 Latest version is 1.7.7
2025-01-22 12:10:35 App is up to date.
2025-01-22 13:10:35 Checking for update using Github
2025-01-22 13:10:35 Success.
2025-01-22 13:10:35 Latest version is 1.7.7
2025-01-22 13:10:35 App is up to date.
2025-01-22 14:10:35 Checking for update using Github
2025-01-22 14:10:35 Success.
2025-01-22 14:10:35 Latest version is 1.7.7
2025-01-22 14:10:35 App is up to date.
2025-01-22 15:10:35 Checking for update using Github
2025-01-22 15:10:35 Success.
2025-01-22 15:10:35 Latest version is 1.7.7
2025-01-22 15:10:35 App is up to date.
2025-01-22 16:10:35 Checking for update using Github
2025-01-22 16:10:36 Success.
2025-01-22 16:10:36 Latest version is 1.7.7
2025-01-22 16:10:36 App is up to date.
2025-01-22 17:07:18 Loading main app package /usr/lib/obsidian/obsidian.asar
2025-01-22 17:07:19 Checking for update using Github
2025-01-22 17:07:19 Success.
2025-01-22 17:07:19 Latest version is 1.7.7
2025-01-22 17:07:19 App is up to date.
2025-01-22 17:15:12 Loading main app package /usr/lib/obsidian/obsidian.asar
2025-01-22 17:15:13 Checking for update using Github
2025-01-22 17:15:13 Success.
2025-01-22 17:15:13 Latest version is 1.7.7
2025-01-22 17:15:13 App is up to date.
2025-01-22 18:15:13 Checking for update using Github
2025-01-22 18:15:13 Success.
2025-01-22 18:15:13 Latest version is 1.7.7
2025-01-22 18:15:13 App is up to date.
2025-01-22 22:01:08 Loading main app package /usr/lib/obsidian/obsidian.asar
2025-01-22 22:01:09 Checking for update using Github
2025-01-22 22:01:09 Success.
2025-01-22 22:01:09 Latest version is 1.7.7
2025-01-22 22:01:09 App is up to date.
2025-01-22 23:01:08 Checking for update using Github
2025-01-22 23:01:08 Success.
2025-01-22 23:01:08 Latest version is 1.7.7
2025-01-22 23:01:08 App is up to date.
2025-01-23 00:01:08 Checking for update using Github
2025-01-23 00:01:08 Success.
2025-01-23 00:01:08 Latest version is 1.7.7
2025-01-23 00:01:08 App is up to date.
2025-01-23 01:01:08 Checking for update using Github
2025-01-23 01:01:09 Success.
2025-01-23 01:01:09 Latest version is 1.7.7
2025-01-23 01:01:09 App is up to date.
2025-01-23 01:42:50 Loading main app package /usr/lib/obsidian/obsidian.asar
2025-01-23 01:42:50 Checking for update using Github
2025-01-23 01:42:50 Success.
2025-01-23 01:42:50 Latest version is 1.7.7
2025-01-23 01:42:50 App is up to date.
2025-01-23 10:43:47 Loading main app package /usr/lib/obsidian/obsidian.asar
2025-01-23 10:43:48 Checking for update using Github
2025-01-23 10:43:48 Success.
2025-01-23 10:43:48 Latest version is 1.7.7
2025-01-23 10:43:48 App is up to date.
2025-01-23 11:43:48 Checking for update using Github
2025-01-23 11:43:48 Success.
2025-01-23 11:43:48 Latest version is 1.7.7
2025-01-23 11:43:48 App is up to date.
2025-01-23 12:43:48 Checking for update using Github
2025-01-23 12:43:48 Success.
2025-01-23 12:43:48 Latest version is 1.7.7
2025-01-23 12:43:48 App is up to date.
2025-01-23 13:43:48 Checking for update using Github
2025-01-23 13:43:48 Success.
2025-01-23 13:43:48 Latest version is 1.7.7
2025-01-23 13:43:48 App is up to date.
2025-01-23 14:43:48 Checking for update using Github
2025-01-23 14:43:48 Success.
2025-01-23 14:43:48 Latest version is 1.7.7
2025-01-23 14:43:48 App is up to date.
2025-01-23 15:43:48 Checking for update using Github
2025-01-23 15:43:48 Success.
2025-01-23 15:43:48 Latest version is 1.7.7
2025-01-23 15:43:48 App is up to date.
2025-01-23 16:35:32 Loading main app package /usr/lib/obsidian/obsidian.asar
2025-01-23 16:35:33 Checking for update using Github
2025-01-23 16:35:33 Success.
2025-01-23 16:35:33 Latest version is 1.7.7
2025-01-23 16:35:33 App is up to date.
2025-01-23 17:35:32 Checking for update using Github
2025-01-23 17:35:33 Success.
2025-01-23 17:35:33 Latest version is 1.7.7
2025-01-23 17:35:33 App is up to date.
2025-01-23 18:35:32 Checking for update using Github
2025-01-23 18:35:33 Success.
2025-01-23 18:35:33 Latest version is 1.7.7
2025-01-23 18:35:33 App is up to date.
2025-01-23 19:35:33 Checking for update using Github
2025-01-23 19:35:33 Success.
2025-01-23 19:35:33 Latest version is 1.7.7
2025-01-23 19:35:33 App is up to date.
2025-01-23 20:35:33 Checking for update using Github
2025-01-23 20:35:33 Success.
2025-01-23 20:35:33 Latest version is 1.7.7
2025-01-23 20:35:33 App is up to date.
2025-01-23 22:54:36 Loading main app package /usr/lib/obsidian/obsidian.asar
2025-01-23 22:54:37 Checking for update using Github
2025-01-23 22:54:37 Success.
2025-01-23 22:54:37 Latest version is 1.7.7
2025-01-23 22:54:37 App is up to date.
2025-01-23 23:54:37 Checking for update using Github
2025-01-23 23:54:37 Success.
2025-01-23 23:54:37 Latest version is 1.7.7
2025-01-23 23:54:37 App is up to date.
2025-01-24 00:54:37 Checking for update using Github
2025-01-24 00:54:37 Success.
2025-01-24 00:54:37 Latest version is 1.7.7
2025-01-24 00:54:37 App is up to date.
2025-01-24 01:54:37 Checking for update using Github
2025-01-24 01:54:37 Success.
2025-01-24 01:54:37 Latest version is 1.7.7
2025-01-24 01:54:37 App is up to date.
2025-01-24 10:56:57 Loading main app package /usr/lib/obsidian/obsidian.asar
2025-01-24 10:56:58 Checking for update using Github
2025-01-24 10:56:58 Success.
2025-01-24 10:56:58 Latest version is 1.7.7
2025-01-24 10:56:58 App is up to date.
2025-01-24 11:56:57 Checking for update using Github
2025-01-24 11:56:58 Success.
2025-01-24 11:56:58 Latest version is 1.7.7
2025-01-24 11:56:58 App is up to date.
2025-01-24 12:56:58 Checking for update using Github
2025-01-24 12:56:58 Success.
2025-01-24 12:56:58 Latest version is 1.7.7
2025-01-24 12:56:58 App is up to date.
2025-01-24 13:56:58 Checking for update using Github
2025-01-24 13:56:58 Success.
2025-01-24 13:56:58 Latest version is 1.7.7
2025-01-24 13:56:58 App is up to date.
2025-01-24 14:56:58 Checking for update using Github
2025-01-24 14:56:58 Success.
2025-01-24 14:56:58 Latest version is 1.7.7
2025-01-24 14:56:58 App is up to date.
2025-01-24 15:56:58 Checking for update using Github
2025-01-24 15:56:58 Success.
2025-01-24 15:56:58 Latest version is 1.7.7
2025-01-24 15:56:58 App is up to date.
2025-01-24 16:56:58 Checking for update using Github
2025-01-24 16:56:58 Success.
2025-01-24 16:56:58 Latest version is 1.7.7
2025-01-24 16:56:58 App is up to date.
2025-01-26 22:24:25 Loading main app package /usr/lib/obsidian/obsidian.asar
2025-01-26 22:24:25 Checking for update using Github
2025-01-26 22:24:25 Success.
2025-01-26 22:24:25 Latest version is 1.7.7
2025-01-26 22:24:25 App is up to date.
2025-01-27 11:10:02 Loading main app package /usr/lib/obsidian/obsidian.asar
2025-01-27 11:10:03 Checking for update using Github
2025-01-27 11:10:03 Success.
2025-01-27 11:10:03 Latest version is 1.7.7
2025-01-27 11:10:03 App is up to date.
2025-01-27 12:10:02 Checking for update using Github
2025-01-27 12:10:03 Success.
2025-01-27 12:10:03 Latest version is 1.7.7
2025-01-27 12:10:03 App is up to date.
2025-01-27 13:10:02 Checking for update using Github
2025-01-27 13:10:03 Success.
2025-01-27 13:10:03 Latest version is 1.7.7
2025-01-27 13:10:03 App is up to date.
2025-01-27 14:10:03 Checking for update using Github
2025-01-27 14:10:03 Success.
2025-01-27 14:10:03 Latest version is 1.7.7
2025-01-27 14:10:03 App is up to date.
2025-01-27 15:10:03 Checking for update using Github
2025-01-27 15:10:04 Success.
2025-01-27 15:10:04 Latest version is 1.7.7
2025-01-27 15:10:04 App is up to date.
2025-01-27 16:10:03 Checking for update using Github
2025-01-27 16:10:04 Success.
2025-01-27 16:10:04 Latest version is 1.7.7
2025-01-27 16:10:04 App is up to date.
2025-01-27 17:10:03 Checking for update using Github
2025-01-27 17:10:03 Success.
2025-01-27 17:10:03 Latest version is 1.7.7
2025-01-27 17:10:03 App is up to date.
2025-01-27 18:10:03 Checking for update using Github
2025-01-27 18:10:03 Success.
2025-01-27 18:10:03 Latest version is 1.7.7
2025-01-27 18:10:03 App is up to date.
2025-01-27 19:10:03 Checking for update using Github
2025-01-27 19:10:03 Success.
2025-01-27 19:10:03 Latest version is 1.7.7
2025-01-27 19:10:03 App is up to date.
2025-01-27 20:10:03 Checking for update using Github
2025-01-27 20:10:03 Success.
2025-01-27 20:10:03 Latest version is 1.7.7
2025-01-27 20:10:03 App is up to date.
2025-01-27 21:10:03 Checking for update using Github
2025-01-27 21:10:04 Success.
2025-01-27 21:10:04 Latest version is 1.7.7
2025-01-27 21:10:04 App is up to date.
2025-01-27 22:10:03 Checking for update using Github
2025-01-27 22:10:04 Success.
2025-01-27 22:10:04 Latest version is 1.7.7
2025-01-27 22:10:04 App is up to date.
2025-01-27 23:10:03 Checking for update using Github
2025-01-27 23:10:04 Success.
2025-01-27 23:10:04 Latest version is 1.7.7
2025-01-27 23:10:04 App is up to date.
2025-01-28 00:10:03 Checking for update using Github
2025-01-28 00:10:04 Success.
2025-01-28 00:10:04 Latest version is 1.7.7
2025-01-28 00:10:04 App is up to date.
2025-01-28 01:10:04 Checking for update using Github
2025-01-28 01:10:04 Success.
2025-01-28 01:10:04 Latest version is 1.7.7
2025-01-28 01:10:04 App is up to date.
2025-01-29 12:08:18 Loading main app package /usr/lib/obsidian/obsidian.asar
2025-01-29 12:08:18 Checking for update using Github
2025-01-29 12:08:18 Success.
2025-01-29 12:08:18 Latest version is 1.7.7
2025-01-29 12:08:18 App is up to date.
2025-01-29 13:08:18 Checking for update using Github
2025-01-29 13:08:18 Success.
2025-01-29 13:08:18 Latest version is 1.7.7
2025-01-29 13:08:18 App is up to date.
2025-01-29 14:08:18 Checking for update using Github
2025-01-29 14:08:18 Success.
2025-01-29 14:08:18 Latest version is 1.7.7
2025-01-29 14:08:18 App is up to date.
2025-01-29 15:08:18 Checking for update using Github
2025-01-29 15:08:18 Success.
2025-01-29 15:08:18 Latest version is 1.7.7
2025-01-29 15:08:18 App is up to date.
2025-01-29 16:08:18 Checking for update using Github
2025-01-29 16:08:18 Success.
2025-01-29 16:08:18 Latest version is 1.7.7
2025-01-29 16:08:18 App is up to date.
2025-01-29 17:08:18 Checking for update using Github
2025-01-29 17:08:18 Success.
2025-01-29 17:08:18 Latest version is 1.7.7
2025-01-29 17:08:18 App is up to date.
2025-01-30 00:10:44 Loading main app package /usr/lib/obsidian/obsidian.asar
2025-01-30 00:10:44 Checking for update using Github
2025-01-30 00:10:45 Success.
2025-01-30 00:10:45 Latest version is 1.7.7
2025-01-30 00:10:45 App is up to date.
2025-01-30 01:10:44 Checking for update using Github
2025-01-30 01:10:44 Success.
2025-01-30 01:10:44 Latest version is 1.7.7
2025-01-30 01:10:44 App is up to date.
2025-01-30 02:10:44 Checking for update using Github
2025-01-30 02:10:44 Success.
2025-01-30 02:10:44 Latest version is 1.7.7
2025-01-30 02:10:44 App is up to date.
2025-01-30 11:38:43 Loading main app package /usr/lib/obsidian/obsidian.asar
2025-01-30 11:38:44 Checking for update using Github
2025-01-30 11:38:44 Success.
2025-01-30 11:38:44 Latest version is 1.7.7
2025-01-30 11:38:44 App is up to date.
2025-01-30 12:38:44 Checking for update using Github
2025-01-30 12:38:44 Success.
2025-01-30 12:38:44 Latest version is 1.7.7
2025-01-30 12:38:44 App is up to date.
2025-01-30 13:38:44 Checking for update using Github
2025-01-30 13:38:44 Success.
2025-01-30 13:38:44 Latest version is 1.7.7
2025-01-30 13:38:44 App is up to date.
2025-01-30 14:38:44 Checking for update using Github
2025-01-30 14:38:44 Success.
2025-01-30 14:38:44 Latest version is 1.7.7
2025-01-30 14:38:44 App is up to date.
2025-01-30 15:38:44 Checking for update using Github
2025-01-30 15:38:44 Success.
2025-01-30 15:38:44 Latest version is 1.7.7
2025-01-30 15:38:44 App is up to date.
2025-01-30 16:38:44 Checking for update using Github
2025-01-30 16:38:44 Success.
2025-01-30 16:38:44 Latest version is 1.8.3
2025-01-30 16:38:44 Downloading update from https://github.com/obsidianmd/obsidian-releases/releases/download/v1.8.3/obsidian-1.8.3.asar.gz
2025-01-30 16:38:47 Verifying hash & signature. Size= 8123758
2025-01-30 16:38:47 Saving file
2025-01-30 16:38:47 Update complete.
2025-01-30 17:38:44 Checking for update using Github
2025-01-30 17:38:44 Success.
2025-01-30 17:38:44 Latest version is 1.8.3
2025-01-30 17:38:44 An update is already downloaded.
2025-01-30 18:38:44 Checking for update using Github
2025-01-30 18:38:44 Success.
2025-01-30 18:38:44 Latest version is 1.8.3
2025-01-30 18:38:44 An update is already downloaded.
2025-01-30 19:38:44 Checking for update using Github
2025-01-30 19:38:45 Success.
2025-01-30 19:38:45 Latest version is 1.8.3
2025-01-30 19:38:45 An update is already downloaded.
2025-01-30 20:38:45 Checking for update using Github
2025-01-30 20:38:45 Success.
2025-01-30 20:38:45 Latest version is 1.8.3
2025-01-30 20:38:45 An update is already downloaded.
2025-01-30 21:38:45 Checking for update using Github
2025-01-30 21:38:45 Success.
2025-01-30 21:38:45 Latest version is 1.8.3
2025-01-30 21:38:45 An update is already downloaded.
2025-01-30 22:38:45 Checking for update using Github
2025-01-30 22:38:45 Success.
2025-01-30 22:38:45 Latest version is 1.8.3
2025-01-30 22:38:45 An update is already downloaded.
2025-01-31 10:45:31 Loading updated app package /home/quilli/.config/obsidian/obsidian-1.8.3.asar
2025-01-31 10:45:32 Checking for update using Github
2025-01-31 10:45:32 Success.
2025-01-31 10:45:32 Latest version is 1.8.3
2025-01-31 10:45:32 App is up to date.
2025-01-31 11:45:31 Checking for update using Github
2025-01-31 11:45:31 Success.
2025-01-31 11:45:31 Latest version is 1.8.3
2025-01-31 11:45:31 App is up to date.
2025-01-31 12:45:31 Checking for update using Github
2025-01-31 12:45:31 Success.
2025-01-31 12:45:31 Latest version is 1.8.3
2025-01-31 12:45:31 App is up to date.
2025-01-31 13:45:31 Checking for update using Github
2025-01-31 13:45:31 Success.
2025-01-31 13:45:31 Latest version is 1.8.3
2025-01-31 13:45:31 App is up to date.
2025-01-31 14:45:31 Checking for update using Github
2025-01-31 14:45:32 Success.
2025-01-31 14:45:32 Latest version is 1.8.3
2025-01-31 14:45:32 App is up to date.
2025-01-31 21:05:06 Loading updated app package /home/quilli/.config/obsidian/obsidian-1.8.3.asar
2025-01-31 21:05:06 Checking for update using Github
2025-01-31 21:05:06 Success.
2025-01-31 21:05:06 Latest version is 1.8.4
2025-01-31 21:05:06 Downloading update from https://github.com/obsidianmd/obsidian-releases/releases/download/v1.8.4/obsidian-1.8.4.asar.gz
2025-01-31 21:05:09 Verifying hash & signature. Size= 8123782
2025-01-31 21:05:09 Saving file
2025-01-31 21:05:10 Update complete.
2025-02-03 12:40:17 Loading updated app package /home/quilli/.config/obsidian/obsidian-1.8.4.asar
2025-02-03 12:40:17 Checking for update using Github
2025-02-03 12:40:18 Success.
2025-02-03 12:40:18 Latest version is 1.8.4
2025-02-03 12:40:18 App is up to date.
2025-02-03 13:15:37 Loading updated app package /home/quilli/.config/obsidian/obsidian-1.8.4.asar
2025-02-03 13:15:37 Checking for update using Github
2025-02-03 13:15:38 Success.
2025-02-03 13:15:38 Latest version is 1.8.4
2025-02-03 13:15:38 App is up to date.
2025-02-03 14:15:37 Checking for update using Github
2025-02-03 14:15:37 Success.
2025-02-03 14:15:37 Latest version is 1.8.4
2025-02-03 14:15:37 App is up to date.
2025-02-03 15:15:37 Checking for update using Github
2025-02-03 15:15:37 Success.
2025-02-03 15:15:37 Latest version is 1.8.4
2025-02-03 15:15:37 App is up to date.
2025-02-03 16:15:37 Checking for update using Github
2025-02-03 16:15:37 Success.
2025-02-03 16:15:37 Latest version is 1.8.4
2025-02-03 16:15:37 App is up to date.
2025-02-03 17:15:37 Checking for update using Github
2025-02-03 17:15:38 Success.
2025-02-03 17:15:38 Latest version is 1.8.4
2025-02-03 17:15:38 App is up to date.
2025-02-03 18:15:37 Checking for update using Github
2025-02-03 18:15:37 Success.
2025-02-03 18:15:37 Latest version is 1.8.4
2025-02-03 18:15:37 App is up to date.
2025-02-03 19:15:38 Checking for update using Github
2025-02-03 19:15:38 Success.
2025-02-03 19:15:38 Latest version is 1.8.4
2025-02-03 19:15:38 App is up to date.
2025-02-04 10:59:07 Loading updated app package /home/quilli/.config/obsidian/obsidian-1.8.4.asar
2025-02-04 10:59:08 Checking for update using Github
2025-02-04 10:59:08 Success.
2025-02-04 10:59:08 Latest version is 1.8.4
2025-02-04 10:59:08 App is up to date.
2025-02-04 11:59:07 Checking for update using Github
2025-02-04 11:59:07 Success.
2025-02-04 11:59:07 Latest version is 1.8.4
2025-02-04 11:59:07 App is up to date.
2025-02-04 12:45:09 Loading updated app package /home/quilli/.config/obsidian/obsidian-1.8.4.asar
2025-02-04 12:45:09 Checking for update using Github
2025-02-04 12:59:07 Checking for update using Github
2025-02-04 12:59:07 Success.
2025-02-04 12:59:07 Latest version is 1.8.4
2025-02-04 12:59:07 App is up to date.
2025-02-04 17:12:07 Loading main app package /usr/lib/obsidian/obsidian.asar
2025-02-04 17:12:07 Checking for update using Github
2025-02-04 17:12:08 Success.
2025-02-04 17:12:08 Latest version is 1.8.4
2025-02-04 17:12:08 App is up to date.
2025-02-04 18:33:28 Loading main app package /usr/lib/obsidian/obsidian.asar
2025-02-04 18:33:28 Checking for update using Github
2025-02-04 18:33:28 Success.
2025-02-04 18:33:28 Latest version is 1.8.4
2025-02-04 18:33:28 App is up to date.
2025-02-04 19:33:28 Checking for update using Github
2025-02-04 19:33:28 Success.
2025-02-04 19:33:28 Latest version is 1.8.4
2025-02-04 19:33:28 App is up to date.
